
[LOG] Project selection: Showcase
[LOG] Host target type: Editor
[LOG] Build configuration: Debug

[LOG] Refreshing build files before build...
[LOG] Toolset: ClangCL
[LOG] Project: Sparkle
[LOG] Running incremental configure...
[LOG] CMake: -G "Visual Studio 17 2022" -A x64 -T ClangCL -Wno-dev
-- Selecting Windows SDK version 10.0.26100.0 to target Windows 10.0.26200.
-- 
-- === Fetching Third-Party Dependencies ===
-- 
--   Total download: ~82 MB (shallow clones, LFS skipped)
--   Expected time:  1-3 minutes depending on connection
-- 
--   Dependency sizes:
--     imgui            ~7 MB
--     cgltf            ~1 MB
--     stb              ~5 MB
--     spdlog           ~3 MB
--     assimp          ~15 MB
--     Compressonator   ~5 MB  (sparse checkout - cmp_core only)
--     KTX-Software    ~46 MB  (largest)
-- 
--   [1/7] Fetching Dear ImGui v1.92.5 (~7 MB)...
--   imgui:          C:/Users/stole/Documents/GitHub/SparkleEngine/build/_deps/imgui-src (~7 MB)
--   [2/7] Fetching cgltf v1.15 (~1 MB)...
--   cgltf:          C:/Users/stole/Documents/GitHub/SparkleEngine/build/_deps/cgltf-src (~1 MB)
--   [3/7] Fetching stb (~5 MB)...
--   stb:            C:/Users/stole/Documents/GitHub/SparkleEngine/build/_deps/stb-src (~5 MB)
--   [4/7] Fetching spdlog v1.14.1 (~3 MB)...
-- Build spdlog: 1.14.1
-- Build type: 
--   spdlog:         C:/Users/stole/Documents/GitHub/SparkleEngine/build/_deps/spdlog-src (~3 MB)
--   [5/7] Fetching Assimp v5.4.3 (~15 MB)...
-- Shared libraries enabled
-- compiling zlib from sources
-- Build an import-only version of Assimp.
-- tinyusdz disabled
-- Enabled importer formats: AMF 3DS AC ASE ASSBIN B3D BVH COLLADA DXF CSM HMP IRRMESH IQM IRR LWO LWS M3D MD2 MD3 MD5 MDC MDL NFF NDO OFF OBJ OGRE OPENGEX PLY MS3D COB BLEND IFC XGL FBX Q3D Q3BSP RAW SIB SMD STL TERRAGEN 3D X X3D GLTF 3MF MMD
-- Disabled importer formats: USD
--   assimp:         C:/Users/stole/Documents/GitHub/SparkleEngine/build/_deps/assimp-src (~15 MB)
-- 
--   [6/7] Fetching Compressonator (sparse checkout, ~5 MB)...
--     Reusing existing sparse clone
--   Compressonator: C:/Users/stole/Documents/GitHub/SparkleEngine/build/_deps/compressonator-src/cmp_core (~5 MB, sparse)
-- 
--   [7/7] Fetching KTX-Software v4.3.2 (~46 MB) - largest dependency...
--   AVX2 backend     - ON
--   SSE4.1 backend   - OFF
--   SSE2 backend     - OFF
--   NEON backend     - OFF
--   NONE backend     - OFF
--   NATIVE backend   - OFF
--   Invariance       - ON
--   Shared libs      - OFF
--   Decompressor     - OFF
--   Diagnostics      - OFF
--   ASAN             - OFF
--   Unit tests       - OFF
--   KTX-Software:   C:/Users/stole/Documents/GitHub/SparkleEngine/build/_deps/ktx-src (~46 MB)
--   [8/8] Fetching SPIRV-Reflect vulkan-sdk-1.3.290.0 (~2 MB)...
--   SPIRV-Reflect:  C:/Users/stole/Documents/GitHub/SparkleEngine/build/_deps/spirv_reflect-src (~2 MB)
-- 
-- === Third-Party Dependencies Ready ===
-- 
-- Discovered project: Showcase
-- clang-format found: C:/Program Files/LLVM/bin/clang-format.exe
-- VS startup project: ShowcaseEditor
-- Configuring done (0.8s)
-- Generating done (7.0s)
-- Build files have been written to: C:/Users/stole/Documents/GitHub/SparkleEngine/build
[LOG] Solution generated: C:\Users\stole\Documents\GitHub\SparkleEngine\build\Sparkle.sln

========================================
[LOG] Building targets:  ShowcaseEditor
========================================
[LOG] MSBuild args: /nologo /v:minimal /m:1 /p:UseMultiToolTask=false /p:TrackFileAccess=false /nodeReuse:false

  Checking File Globs
  1>Checking Build System
  Validating repo-wide logging ownership, logger acquisition, and legacy logging removal...
  -- Logging boundary check passed for Engine, Tools, Projects, and logging-related CMake wiring.
  Building Custom Rule C:/Users/stole/Documents/GitHub/SparkleEngine/CMakeLists.txt
  Validating cooked-only runtime boundaries for Application, GameFramework, and Renderer...
  -- Cooked-runtime boundary check passed for Engine/Application, Engine/GameFramework, and Engine/Renderer.
  Building Custom Rule C:/Users/stole/Documents/GitHub/SparkleEngine/CMakeLists.txt
  Validating runtime and ShaderCompiler boundary ownership...
  -- ShaderCompiler boundary check passed for Engine/RHI, runtime modules, and Tools/ShaderCompiler.
  Building Custom Rule C:/Users/stole/Documents/GitHub/SparkleEngine/CMakeLists.txt
  Validating AssetConverter and TextureCooker boundary ownership...
  -- TextureCooker boundary check passed for runtime modules, Tools/AssetConverter, and Tools/TextureCooker.
  Building Custom Rule C:/Users/stole/Documents/GitHub/SparkleEngine/CMakeLists.txt
  Building Custom Rule C:/Users/stole/Documents/GitHub/SparkleEngine/Engine/Core/CMakeLists.txt
  SparkleCore.vcxproj -> C:\Users\stole\Documents\GitHub\SparkleEngine\build\lib\Debug\SparkleCored.lib
  Building Custom Rule C:/Users/stole/Documents/GitHub/SparkleEngine/Engine/CMakeLists.txt
  imgui.vcxproj -> C:\Users\stole\Documents\GitHub\SparkleEngine\build\lib\Debug\imguid.lib
  Building Custom Rule C:/Users/stole/Documents/GitHub/SparkleEngine/Engine/Platform/CMakeLists.txt
  SparklePlatform.vcxproj -> C:\Users\stole\Documents\GitHub\SparkleEngine\build\lib\Debug\SparklePlatformd.lib
  Building Custom Rule C:/Users/stole/Documents/GitHub/SparkleEngine/Engine/RHI/CMakeLists.txt
  SparkleRHI.vcxproj -> C:\Users\stole\Documents\GitHub\SparkleEngine\build\lib\Debug\SparkleRHId.lib
  Building Custom Rule C:/Users/stole/Documents/GitHub/SparkleEngine/Engine/GameFramework/CMakeLists.txt
  SparkleGameFramework.vcxproj -> C:\Users\stole\Documents\GitHub\SparkleEngine\build\lib\Debug\SparkleGameFrameworkd.lib
  Building Custom Rule C:/Users/stole/Documents/GitHub/SparkleEngine/Engine/Renderer/CMakeLists.txt
  SparkleRenderer.vcxproj -> C:\Users\stole\Documents\GitHub\SparkleEngine\build\lib\Debug\SparkleRendererd.lib
  Building Custom Rule C:/Users/stole/Documents/GitHub/SparkleEngine/Engine/Editor/CMakeLists.txt
