
  Checking File Globs
  1>Checking Build System
  Validating repo-wide logging ownership, logger acquisition, and legacy logging removal...
  -- Logging boundary check passed for Engine, Tools, Projects, and logging-related CMake wiring.
  Building Custom Rule C:/Users/stole/Documents/GitHub/SparkleEngine/CMakeLists.txt
  Validating runtime and ShaderCompiler boundary ownership...
  -- ShaderCompiler boundary check passed for Engine/RHI, runtime modules, and Tools/ShaderCompiler.
  Building Custom Rule C:/Users/stole/Documents/GitHub/SparkleEngine/CMakeLists.txt
  Validating Tools public seams, private implementation boundaries, and shared cook services...
  -- Tools architecture boundary check passed for public tool seams, cross-tool private includes, and CookCommon generic ownership.
  Building Custom Rule C:/Users/stole/Documents/GitHub/SparkleEngine/CMakeLists.txt
  Building Custom Rule C:/Users/stole/Documents/GitHub/SparkleEngine/Engine/Core/CMakeLists.txt
  SparkleCore.vcxproj -> C:\Users\stole\Documents\GitHub\SparkleEngine\build\lib\Debug\SparkleCored.lib
  Building Custom Rule C:/Users/stole/Documents/GitHub/SparkleEngine/Engine/CMakeLists.txt
  imgui.vcxproj -> C:\Users\stole\Documents\GitHub\SparkleEngine\build\lib\Debug\imguid.lib
  Building Custom Rule C:/Users/stole/Documents/GitHub/SparkleEngine/Engine/Platform/CMakeLists.txt
  SparklePlatform.vcxproj -> C:\Users\stole\Documents\GitHub\SparkleEngine\build\lib\Debug\SparklePlatformd.lib
  Validating AssetConverter and TextureCooker boundary ownership...
  -- TextureCooker boundary check passed for runtime modules, Tools/AssetConverter, and Tools/TextureCooker.
  Building Custom Rule C:/Users/stole/Documents/GitHub/SparkleEngine/CMakeLists.txt
  Building Custom Rule C:/Users/stole/Documents/GitHub/SparkleEngine/Engine/RHI/CMakeLists.txt
  SparkleRHI.vcxproj -> C:\Users\stole\Documents\GitHub\SparkleEngine\build\lib\Debug\SparkleRHId.lib
  Building Custom Rule C:/Users/stole/Documents/GitHub/SparkleEngine/Engine/CMakeLists.txt
  spirv_reflect.vcxproj -> C:\Users\stole\Documents\GitHub\SparkleEngine\build\lib\Debug\spirv_reflectd.lib
  Building Custom Rule C:/Users/stole/Documents/GitHub/SparkleEngine/Tools/ShaderCompiler/CMakeLists.txt
  ShaderCompiler.vcxproj -> C:\Users\stole\Documents\GitHub\SparkleEngine\build\bin\Debug\ShaderCompiler.exe
