MSBuild version 17.14.23+b0019275e for .NET Framework

  Checking File Globs
  -- GLOB mismatch!
  The following files were added:
    +C:/Users/stole/Documents/GitHub/SparkleEngine/Engine/Application/Private/ShaderRecook/ShaderCompilerProcess.cpp
  -- GLOB mismatch!
  The following files were added:
    +C:/Users/stole/Documents/GitHub/SparkleEngine/Engine/Application/Private/ShaderRecook/ShaderCompilerProcess.h
    +C:/Users/stole/Documents/GitHub/SparkleEngine/Engine/Application/Private/ShaderRecook/ShaderRecookRequest.h
  1>Checking Build System
  CMake is re-running because C:/Users/stole/Documents/GitHub/SparkleEngine/build/CMakeFiles/generate.stamp is out-of-date.
    the file 'C:/Users/stole/Documents/GitHub/SparkleEngine/build/CMakeFiles/cmake.verify_globs'
    is newer than 'C:/Users/stole/Documents/GitHub/SparkleEngine/build/CMakeFiles/generate.stamp.depend'
    result='-1'
  -- Selecting Windows SDK version 10.0.26100.0 to target Windows 10.0.26200.
  -- 
  -- === Fetching Third-Party Dependencies ===
  -- 
  --   Total download: ~82 MB (shallow clones, LFS skipped)
  --   Expected time:  1-3 minutes depending on connection
  -- 
  --   Dependency sizes:
  --     imgui            ~7 MB
  --     cgltf            ~1 MB
  --     stb              ~5 MB
  --     spdlog           ~3 MB
  --     assimp          ~15 MB
  --     Compressonator   ~5 MB  (sparse checkout - cmp_core only)
  --     KTX-Software    ~46 MB  (largest)
  -- 
  --   [1/7] Fetching Dear ImGui v1.92.5 (~7 MB)...
  --   imgui:          C:/Users/stole/Documents/GitHub/SparkleEngine/build/_deps/imgui-src (~7 MB)
  --   [2/7] Fetching cgltf v1.15 (~1 MB)...
  --   cgltf:          C:/Users/stole/Documents/GitHub/SparkleEngine/build/_deps/cgltf-src (~1 MB)
  --   [3/7] Fetching stb (~5 MB)...
  --   stb:            C:/Users/stole/Documents/GitHub/SparkleEngine/build/_deps/stb-src (~5 MB)
  --   [4/7] Fetching spdlog v1.14.1 (~3 MB)...
  -- Build spdlog: 1.14.1
  -- Build type: 
  --   spdlog:         C:/Users/stole/Documents/GitHub/SparkleEngine/build/_deps/spdlog-src (~3 MB)
  --   [5/7] Fetching Assimp v5.4.3 (~15 MB)...
  -- Shared libraries enabled
  -- compiling zlib from sources
  -- Build an import-only version of Assimp.
  -- tinyusdz disabled
  -- Enabled importer formats: AMF 3DS AC ASE ASSBIN B3D BVH COLLADA DXF CSM HMP IRRMESH IQM IRR LWO LWS M3D MD2 MD3 MD5 MDC MDL NFF NDO OFF OBJ OGRE OPENGEX PLY MS3D COB BLEND IFC XGL FBX Q3D Q3BSP RAW SIB SMD STL TERRAGEN 3D X X3D GLTF 3MF MMD
  -- Disabled importer formats: USD
  --   assimp:         C:/Users/stole/Documents/GitHub/SparkleEngine/build/_deps/assimp-src (~15 MB)
  -- 
  --   [6/7] Fetching Compressonator (sparse checkout, ~5 MB)...
  --     Reusing existing sparse clone
  --   Compressonator: C:/Users/stole/Documents/GitHub/SparkleEngine/build/_deps/compressonator-src/cmp_core (~5 MB, sparse)
  -- 
  --   [7/7] Fetching KTX-Software v4.3.2 (~46 MB) - largest dependency...
  --   AVX2 backend     - ON
  --   SSE4.1 backend   - OFF
  --   SSE2 backend     - OFF
  --   NEON backend     - OFF
  --   NONE backend     - OFF
  --   NATIVE backend   - OFF
  --   Invariance       - ON
  --   Shared libs      - OFF
  --   Decompressor     - OFF
  --   Diagnostics      - OFF
  --   ASAN             - OFF
  --   Unit tests       - OFF
  --   KTX-Software:   C:/Users/stole/Documents/GitHub/SparkleEngine/build/_deps/ktx-src (~46 MB)
  --   [8/8] Fetching SPIRV-Reflect vulkan-sdk-1.3.290.0 (~2 MB)...
  --   SPIRV-Reflect:  C:/Users/stole/Documents/GitHub/SparkleEngine/build/_deps/spirv_reflect-src (~2 MB)
  -- 
  -- === Third-Party Dependencies Ready ===
  -- 
  -- Discovered project: Showcase
  -- clang-format found: C:/Program Files/LLVM/bin/clang-format.exe
  -- VS startup project: ShowcaseEditor
  -- Configuring done (2.1s)
  -- Generating done (4.3s)
  -- Build files have been written to: C:/Users/stole/Documents/GitHub/SparkleEngine/build
  Validating repo-wide logging ownership, logger acquisition, and legacy logging removal...
  -- Logging boundary check passed for Engine, Tools, Projects, and logging-related CMake wiring.
  Validating cooked-only runtime boundaries for Application, GameFramework, and Renderer...
  -- Cooked-runtime boundary check passed for Engine/Application, Engine/GameFramework, and Engine/Renderer.
  Validating runtime and ShaderCompiler boundary ownership...
  -- ShaderCompiler boundary check passed for Engine/RHI, runtime modules, and Tools/ShaderCompiler.
  Validating AssetConverter and TextureCooker boundary ownership...
  -- TextureCooker boundary check passed for runtime modules, Tools/AssetConverter, and Tools/TextureCooker.
  SparkleCore.vcxproj -> C:\Users\stole\Documents\GitHub\SparkleEngine\bin\Debug\SparkleCored.lib
  imgui.vcxproj -> C:\Users\stole\Documents\GitHub\SparkleEngine\bin\Debug\imguid.lib
  SparklePlatform.vcxproj -> C:\Users\stole\Documents\GitHub\SparkleEngine\bin\Debug\SparklePlatformd.lib
  SparkleRHI.vcxproj -> C:\Users\stole\Documents\GitHub\SparkleEngine\bin\Debug\SparkleRHId.lib
  SparkleGameFramework.vcxproj -> C:\Users\stole\Documents\GitHub\SparkleEngine\bin\Debug\SparkleGameFrameworkd.lib
  SparkleRenderer.vcxproj -> C:\Users\stole\Documents\GitHub\SparkleEngine\bin\Debug\SparkleRendererd.lib
C:\Program Files\Microsoft Visual Studio\2022\Community\MSBuild\Microsoft\VC\v170\Microsoft.CppCommon.targets(1647,5): error MSB6003: The specified task executable "llvm-lib.exe" could not be run. System.IO.IOException: The process cannot access the file 'C:\Users\stole\Documents\GitHub\SparkleEngine\build\Engine\Editor\SparkleEditor.dir\Debug\SparkleEditor.tlog\llvm-lib.read.1.tlog' because it is being used by another process. [C:\Users\stole\Documents\GitHub\SparkleEngine\build\Engine\Editor\SparkleEditor.vcxproj]
C:\Program Files\Microsoft Visual Studio\2022\Community\MSBuild\Microsoft\VC\v170\Microsoft.CppCommon.targets(1647,5): error MSB6003:    at System.IO.__Error.WinIOError(Int32 errorCode, String maybeFullPath) [C:\Users\stole\Documents\GitHub\SparkleEngine\build\Engine\Editor\SparkleEditor.vcxproj]
C:\Program Files\Microsoft Visual Studio\2022\Community\MSBuild\Microsoft\VC\v170\Microsoft.CppCommon.targets(1647,5): error MSB6003:    at System.IO.FileStream.Init(String path, FileMode mode, FileAccess access, Int32 rights, Boolean useRights, FileShare share, Int32 bufferSize, FileOptions options, SECURITY_ATTRIBUTES secAttrs, String msgPath, Boolean bFromProxy, Boolean useLongPath, Boolean checkHost) [C:\Users\stole\Documents\GitHub\SparkleEngine\build\Engine\Editor\SparkleEditor.vcxproj]
C:\Program Files\Microsoft Visual Studio\2022\Community\MSBuild\Microsoft\VC\v170\Microsoft.CppCommon.targets(1647,5): error MSB6003:    at System.IO.FileStream..ctor(String path, FileMode mode, FileAccess access, FileShare share, Int32 bufferSize, FileOptions options, String msgPath, Boolean bFromProxy, Boolean useLongPath, Boolean checkHost) [C:\Users\stole\Documents\GitHub\SparkleEngine\build\Engine\Editor\SparkleEditor.vcxproj]
C:\Program Files\Microsoft Visual Studio\2022\Community\MSBuild\Microsoft\VC\v170\Microsoft.CppCommon.targets(1647,5): error MSB6003:    at System.IO.StreamWriter.CreateFile(String path, Boolean append, Boolean checkHost) [C:\Users\stole\Documents\GitHub\SparkleEngine\build\Engine\Editor\SparkleEditor.vcxproj]
C:\Program Files\Microsoft Visual Studio\2022\Community\MSBuild\Microsoft\VC\v170\Microsoft.CppCommon.targets(1647,5): error MSB6003:    at System.IO.StreamWriter..ctor(String path, Boolean append, Encoding encoding, Int32 bufferSize, Boolean checkHost) [C:\Users\stole\Documents\GitHub\SparkleEngine\build\Engine\Editor\SparkleEditor.vcxproj]
C:\Program Files\Microsoft Visual Studio\2022\Community\MSBuild\Microsoft\VC\v170\Microsoft.CppCommon.targets(1647,5): error MSB6003:    at System.IO.File.InternalWriteAllText(String path, String contents, Encoding encoding, Boolean checkHost) [C:\Users\stole\Documents\GitHub\SparkleEngine\build\Engine\Editor\SparkleEditor.vcxproj]
C:\Program Files\Microsoft Visual Studio\2022\Community\MSBuild\Microsoft\VC\v170\Microsoft.CppCommon.targets(1647,5): error MSB6003:    at Microsoft.Build.Utilities.CanonicalTrackedInputFiles.SaveTlog(DependencyFilter includeInTLog) [C:\Users\stole\Documents\GitHub\SparkleEngine\build\Engine\Editor\SparkleEditor.vcxproj]
C:\Program Files\Microsoft Visual Studio\2022\Community\MSBuild\Microsoft\VC\v170\Microsoft.CppCommon.targets(1647,5): error MSB6003:    at Microsoft.Build.CPPTasks.TrackedVCToolTask.PostExecuteTool(Int32 exitCode) [C:\Users\stole\Documents\GitHub\SparkleEngine\build\Engine\Editor\SparkleEditor.vcxproj]
C:\Program Files\Microsoft Visual Studio\2022\Community\MSBuild\Microsoft\VC\v170\Microsoft.CppCommon.targets(1647,5): error MSB6003:    at Microsoft.Build.CPPTasks.TrackedVCToolTask.ExecuteTool(String pathToTool, String responseFileCommands, String commandLineCommands) [C:\Users\stole\Documents\GitHub\SparkleEngine\build\Engine\Editor\SparkleEditor.vcxproj]
C:\Program Files\Microsoft Visual Studio\2022\Community\MSBuild\Microsoft\VC\v170\Microsoft.CppCommon.targets(1647,5): error MSB6003:    at Microsoft.Build.Utilities.ToolTask.Execute() [C:\Users\stole\Documents\GitHub\SparkleEngine\build\Engine\Editor\SparkleEditor.vcxproj]
