
  Checking File Globs
  1>Checking Build System
  Validating repo-wide logging ownership, logger acquisition, and legacy logging removal...
  -- Logging boundary check passed for Engine, Tools, Projects, and logging-related CMake wiring.
  Building Custom Rule C:/Users/stole/Documents/GitHub/SparkleEngine/CMakeLists.txt
  Validating cooked-only runtime boundaries for Application, GameFramework, and Renderer...
  -- Cooked-runtime boundary check passed for Engine/Application, Engine/GameFramework, and Engine/Renderer.
  Building Custom Rule C:/Users/stole/Documents/GitHub/SparkleEngine/CMakeLists.txt
  Validating runtime and ShaderCompiler boundary ownership...
  -- ShaderCompiler boundary check passed for Engine/RHI, runtime modules, and Tools/ShaderCompiler.
  Building Custom Rule C:/Users/stole/Documents/GitHub/SparkleEngine/CMakeLists.txt
  Validating AssetConverter and TextureCooker boundary ownership...
  -- TextureCooker boundary check passed for runtime modules, Tools/AssetConverter, and Tools/TextureCooker.
  Building Custom Rule C:/Users/stole/Documents/GitHub/SparkleEngine/CMakeLists.txt
  Building Custom Rule C:/Users/stole/Documents/GitHub/SparkleEngine/Engine/Core/CMakeLists.txt
  SparkleCore.vcxproj -> C:\Users\stole\Documents\GitHub\SparkleEngine\build\lib\Debug\SparkleCored.lib
  Building Custom Rule C:/Users/stole/Documents/GitHub/SparkleEngine/Engine/CMakeLists.txt
  imgui.vcxproj -> C:\Users\stole\Documents\GitHub\SparkleEngine\build\lib\Debug\imguid.lib
  Building Custom Rule C:/Users/stole/Documents/GitHub/SparkleEngine/Engine/Platform/CMakeLists.txt
  SparklePlatform.vcxproj -> C:\Users\stole\Documents\GitHub\SparkleEngine\build\lib\Debug\SparklePlatformd.lib
  Building Custom Rule C:/Users/stole/Documents/GitHub/SparkleEngine/Engine/RHI/CMakeLists.txt
  SparkleRHI.vcxproj -> C:\Users\stole\Documents\GitHub\SparkleEngine\build\lib\Debug\SparkleRHId.lib
  Building Custom Rule C:/Users/stole/Documents/GitHub/SparkleEngine/Engine/GameFramework/CMakeLists.txt
  SparkleGameFramework.vcxproj -> C:\Users\stole\Documents\GitHub\SparkleEngine\build\lib\Debug\SparkleGameFrameworkd.lib
  Building Custom Rule C:/Users/stole/Documents/GitHub/SparkleEngine/Engine/Renderer/CMakeLists.txt
  In file included from C:\Users\stole\Documents\GitHub\SparkleEngine\Engine\Renderer\Private\FrameGraph\Builder\FrameGraphBuilder.cpp:9:
  In file included from C:\Users\stole\Documents\GitHub\SparkleEngine\Engine\Renderer\Private\FrameGraph/FrameGraph.h:7:
  In file included from C:\Users\stole\Documents\GitHub\SparkleEngine\Engine\Renderer\..\Renderer/Public/FrameGraph/PassBuilder.h:8:
C:\Users\stole\Documents\GitHub\SparkleEngine\Engine\Renderer\..\Renderer/Public/FrameGraph\../ShaderParameters/PassParameterSet.h(51,28): error : no member named 'IsValid' in 'RhiGpuDescriptorHandle' [C:\Users\stole\Documents\GitHub\SparkleEngine\build\Engine\Renderer\SparkleRenderer.vcxproj]
